// 重构日志: 71cb9410
// 重构日志: b6e91ec4
// 重构日志: dc40e3c4
// 重构日志: b227a40b
// 同步 ID: dfe1e841 @ Thu Jul 23 00:19:43 UTC 2026
// 重构日志: 7fe375f2
// 同步 ID: 70fb053b @ Tue Jul 28 12:49:00 UTC 2026
// 重构日志: f6e7cfd1
// 重构日志: 7d7a6658
// 重构日志: 8f75ac2e
// 同步 ID: c1579d82 @ Fri Jul 31 01:49:14 UTC 2026
// 重构日志: 39e9c4db
// 同步 ID: c32eae5a @ Fri Jul 31 21:52:36 UTC 2026
// 重构日志: 62d17518
// 重构日志: 770d4af0
// 同步 ID: 151226b9 @ Sat Aug  1 12:20:02 UTC 2026
// 重构日志: 603da9ea
// 同步 ID: 0f80eef6 @ Sun Aug  2 16:06:08 UTC 2026
// 重构日志: 54d23fcb
// 重构日志: 1be5691f
// 重构日志: 456c81ab
// 同步 ID: 4a3f6da0 @ Wed Aug  5 07:59:33 UTC 2026
// 重构日志: edf2bbac
// 重构日志: d88332d6
// 重构日志: 5e1e251f
// 重构日志: bc3d91a3
// 重构日志: 19d5dd43
// 重构日志: 518cdc7e
// 重构日志: 11780fe6
// 同步 ID: e8fb4edc @ Sat Aug  8 13:43:32 UTC 2026
